// Jest Snapshot v1, https://goo.gl/fbAQLP

exports[`Test GifGridItem should show GifGridItem correctly 1`] = `
<div
  className="card animate__animated animate__fadeIn"
>
  <img
    alt="test title"
    src="https://asd.com"
  />
  <p>
    test title
  </p>
</div>
`;
